layer at (0,0) size 800x600
  RenderView at (0,0) size 800x600
layer at (0,0) size 800x600
  RenderBlock {HTML} at (0,0) size 800x600
    RenderBody {BODY} at (8,8) size 784x584
      RenderBlock {H2} at (3,0) size 778x18
        RenderText {#text} at (0,0) size 350x18
          text run at (0,0) width 350: "Horizontal meters with the non-themed default style"
      RenderBlock {UL} at (3,21) size 778x0
        RenderListItem {LI} at (43,0) size 732x0
          RenderInline {METER} at (0,0) size 0x0
          RenderText {#text} at (0,0) size 0x0
          RenderInline {METER} at (0,0) size 0x0
          RenderText {#text} at (0,0) size 0x0
          RenderInline {METER} at (0,0) size 0x0
        RenderListItem {LI} at (43,0) size 732x0
          RenderInline {METER} at (0,0) size 0x0
          RenderText {#text} at (0,0) size 0x0
          RenderInline {METER} at (0,0) size 0x0
          RenderText {#text} at (0,0) size 0x0
          RenderInline {METER} at (0,0) size 0x0
      RenderBlock {H2} at (3,21) size 778x18
        RenderText {#text} at (0,0) size 150x18
          text run at (0,0) width 150: "Providing meter styles"
      RenderBlock {DIV} at (0,42) size 784x69 [bgcolor=#EEEEEE]
        RenderBlock {UL} at (3,0) size 778x69
          RenderListItem {LI} at (43,0) size 732x18
            RenderBlock {METER} at (0,1) size 80x16 [bgcolor=#AAAACC] [border: (5px solid #222244) (20px solid #222244) (5px solid #222244) (10px solid #222244)]
            RenderText {#text} at (80,0) size 70x18
              text run at (80,0) width 70: " has border"
          RenderListItem {LI} at (43,21) size 732x18
            RenderBlock {METER} at (0,1) size 80x16 [bgcolor=#AAAACC]
            RenderText {#text} at (80,0) size 80x18
              text run at (80,0) width 80: " has padding"
          RenderListItem {LI} at (43,42) size 732x27
            RenderBlock {METER} at (10,5) size 80x16 [bgcolor=#AAAACC]
            RenderText {#text} at (110,9) size 73x18
              text run at (110,9) width 73: " has margin"
      RenderBlock {H2} at (3,114) size 778x18
        RenderText {#text} at (0,0) size 224x18
          text run at (0,0) width 224: "Providing bar and/or value styles"
      RenderBlock {DIV} at (0,135) size 784x165 [bgcolor=#EEEEEE]
        RenderBlock {UL} at (3,0) size 778x81
          RenderBlock (anonymous) at (40,0) size 738x18
            RenderText {#text} at (0,0) size 475x18
              text run at (0,0) width 475: "default -webkit-appearance, thus should use platform theme (only for Mac.)"
          RenderListItem {LI} at (43,21) size 732x18
            RenderBlock {METER} at (0,1) size 80x16
            RenderText {#text} at (80,0) size 212x18
              text run at (80,0) width 212: " has bar style but should ignore it."
          RenderListItem {LI} at (43,42) size 732x18
            RenderBlock {METER} at (0,1) size 80x16
            RenderText {#text} at (80,0) size 226x18
              text run at (80,0) width 226: " has value style but should ignore it."
          RenderListItem {LI} at (43,63) size 732x18
            RenderBlock {METER} at (0,1) size 80x16
            RenderText {#text} at (80,0) size 249x18
              text run at (80,0) width 249: " has both styles but should ignore them."
        RenderBlock {UL} at (3,84) size 778x81
          RenderBlock (anonymous) at (40,0) size 738x18
            RenderText {#text} at (0,0) size 461x18
              text run at (0,0) width 461: "-webkit-appearance: none, thus custom styled elements should be shown."
          RenderListItem {LI} at (43,21) size 732x18
            RenderInline {METER} at (0,0) size 0x0
            RenderText {#text} at (0,0) size 266x18
              text run at (0,0) width 266: "has bar style, should have solid value part."
          RenderListItem {LI} at (43,42) size 732x18
            RenderInline {METER} at (0,0) size 0x0
            RenderText {#text} at (0,0) size 251x18
              text run at (0,0) width 251: "has value style, should be solid bar part."
          RenderListItem {LI} at (43,63) size 732x18
            RenderInline {METER} at (0,0) size 0x0
            RenderText {#text} at (0,0) size 231x18
              text run at (0,0) width 231: "should have solid bar and value part."
      RenderBlock {H2} at (3,303) size 778x18
        RenderText {#text} at (0,0) size 156x18
          text run at (0,0) width 156: "Providing appearances"
      RenderBlock {DIV} at (0,324) size 784x39 [bgcolor=#EEEEEE]
        RenderBlock {UL} at (3,0) size 778x39
          RenderListItem {LI} at (43,0) size 732x18
            RenderInline {METER} at (0,0) size 0x0
            RenderText {#text} at (0,0) size 371x18
              text run at (0,0) width 371: "has \"none\" appearance, should be styled with default style."
          RenderListItem {LI} at (43,21) size 732x18
            RenderBlock {METER} at (0,1) size 80x16
            RenderText {#text} at (80,0) size 276x18
              text run at (80,0) width 276: " has \"meter\" appearance, should be themed."
      RenderBlock {H2} at (3,366) size 778x18
        RenderText {#text} at (0,0) size 161x18
          text run at (0,0) width 161: "Providing bar paddings"
      RenderBlock {DIV} at (0,387) size 784x18 [bgcolor=#EEEEEE]
        RenderInline {METER} at (0,0) size 0x0
        RenderText {#text} at (0,0) size 161x18
          text run at (0,0) width 161: "has \"padding\" on the bar."
