layer at (0,0) size 800x600
  RenderView at (0,0) size 800x600
layer at (0,0) size 800x600
  RenderBlock {HTML} at (0,0) size 800x600
    RenderBody {BODY} at (8,8) size 784x576
      RenderBlock {H1} at (0,0) size 784x37
        RenderText {#text} at (0,0) size 507x37
          text run at (0,0) width 507: "Dynamically changing pseudo classes"
      RenderBlock {P} at (0,58) size 784x18
        RenderText {#text} at (0,0) size 647x18
          text run at (0,0) width 647: "Following meter gauge should be solid green - Changing the paseudo class by changing value attribute"
      RenderBlock (anonymous) at (0,92) size 784x0
        RenderInline {METER} at (0,0) size 0x0
        RenderText {#text} at (0,0) size 0x0
