layer at (0,0) size 942x585
  RenderView at (0,0) size 800x585
layer at (0,0) size 800x585
  RenderBlock {HTML} at (0,0) size 800x585
    RenderBody {BODY} at (8,8) size 784x569
      RenderBlock {DETAILS} at (0,0) size 784x23
        RenderTextControl {INPUT} at (2,2) size 125x19 [bgcolor=#FFFFFF] [border: (2px inset #000000)]
        RenderText {#text} at (0,0) size 0x0
      RenderBlock {DETAILS} at (0,23) size 784x41
        RenderBlock (anonymous) at (0,18) size 784x23
          RenderTextControl {INPUT} at (2,2) size 125x19 [bgcolor=#FFFFFF] [border: (2px inset #000000)]
          RenderText {#text} at (0,0) size 0x0
      RenderBlock {DETAILS} at (0,64) size 784x23
        RenderTextControl {INPUT} at (2,2) size 125x19 [bgcolor=#FFFFFF] [border: (2px inset #000000)]
        RenderText {#text} at (0,0) size 0x0
layer at (13,13) size 119x13
  RenderBlock {DIV} at (3,3) size 119x13
layer at (13,54) size 119x13
  RenderBlock {DIV} at (3,3) size 119x13
layer at (13,77) size 119x13
  RenderBlock {DIV} at (3,3) size 119x13
layer at (50,150) size 32x18
  RenderBlock (positioned) {SUMMARY} at (50,150) size 32x18
    RenderText {#text} at (0,0) size 32x18
      text run at (0,0) width 32: "fixed"
layer at (158,181) size 784x18
  RenderBlock (relative positioned) {SUMMARY} at (0,0) size 784x18
    RenderText {#text} at (0,0) size 46x18
      text run at (0,0) width 46: "relative"
layer at (250,150) size 52x18
  RenderBlock (positioned) {SUMMARY} at (250,150) size 52x18
    RenderText {#text} at (0,0) size 52x18
      text run at (0,0) width 52: "absolute"
